// 重构日志: ff70b743
// 重构日志: 272c887a
// 同步 ID: 0bfa200e @ Sat Jul 18 07:17:53 UTC 2026
// 重构日志: 1d32223a
// 重构日志: d16df008
// 同步 ID: 1801e146 @ Mon Jul 20 17:35:09 UTC 2026
// 同步 ID: f85efbae @ Mon Jul 20 22:45:21 UTC 2026
// 重构日志: 43de3469
// 同步 ID: c0c2783a @ Tue Jul 21 07:07:20 UTC 2026
// 重构日志: bd3e2e9b
// 重构日志: cf438a3b
// 重构日志: 3be18a63
// 重构日志: c323449e
// 重构日志: 7f627d2a
// 重构日志: a7b21e8b
// 重构日志: 929a388b
// 同步 ID: 91c56828 @ Fri Jul 24 14:32:43 UTC 2026
// 同步 ID: 0cafef39 @ Sat Jul 25 07:09:59 UTC 2026
// 重构日志: ff547a02
// 重构日志: c8de61fe
// 重构日志: c63420a3
// 重构日志: 354a4dd2
// 同步 ID: 8d183aeb @ Mon Jul 27 04:51:34 UTC 2026
// 重构日志: 7b8925c1
// 重构日志: 6335205d
// 重构日志: ae846ba8
// 同步 ID: 7360677b @ Wed Jul 29 04:20:39 UTC 2026
// 重构日志: a450d2fc
// 同步 ID: e553f56a @ Wed Jul 29 22:18:21 UTC 2026
// 同步 ID: f9773de4 @ Thu Jul 30 04:26:09 UTC 2026
